⚠️ 邮件模块未找到，请确保 imap-smtp-email skill 已安装
✅ 智能文章服务初始化完成

============================================================
📨 用户请求: AI工具链与效率
============================================================

🔍 步骤1: 识别用户意图...
  意图: generate
  主题: AI工具链与效率
  置信度: 1.0
  理由: 用户强制生成

✍️ 步骤2: 生成新文章...
  将生成 10 篇候选文章

🎯 为主题「AI工具链与效率」生成 10 篇多样化文章

  生成候选 1/10: 实战派风格
    ✓ 完成，质量分: 10.0

  生成候选 2/10: 深度派风格
    ✓ 完成，质量分: 9.5

  生成候选 3/10: 故事派风格
    ✓ 完成，质量分: 9.5

  生成候选 4/10: 数据派风格
    ✓ 完成，质量分: 9.0

  生成候选 5/10: 批判派风格
    ✓ 完成，质量分: 9.0

  生成候选 6/10: 趋势派风格
    ✓ 完成，质量分: 9.5

  生成候选 7/10: 跨界派风格
    ✓ 完成，质量分: 9.0

  生成候选 8/10: 极简派风格
    ✓ 完成，质量分: 9.0

  生成候选 9/10: 反常识派风格
    ✓ 完成，质量分: 10.0

  生成候选 10/10: 体系派风格
    ✓ 完成，质量分: 9.0

✅ 生成完成，平均质量分: 9.3

💾 步骤3: 保存到文章库...
  已保存 10 篇候选

📇 步骤4: 建立搜索索引...
  已为文章建立索引

============================================================
📨 用户请求: AI工具链与效率
============================================================

🔍 步骤1: 识别用户意图...
  意图: generate
  主题: AI工具链与效率
  置信度: 1.0
  理由: 用户强制生成

✍️ 步骤2: 生成新文章...
  将生成 10 篇候选文章

🎯 为主题「AI工具链与效率」生成 10 篇多样化文章

  生成候选 1/10: 实战派风格
    ✓ 完成，质量分: 9.5

  生成候选 2/10: 深度派风格
    ✓ 完成，质量分: 9.5

  生成候选 3/10: 故事派风格
    ✓ 完成，质量分: 9.0

  生成候选 4/10: 数据派风格
    ✓ 完成，质量分: 9.0

  生成候选 5/10: 批判派风格
    ✓ 完成，质量分: 9.5

  生成候选 6/10: 趋势派风格
    ✓ 完成，质量分: 8.5

  生成候选 7/10: 跨界派风格
    ✓ 完成，质量分: 8.5

  生成候选 8/10: 极简派风格
    ✓ 完成，质量分: 9.5

  生成候选 9/10: 反常识派风格
    ✓ 完成，质量分: 9.5

  生成候选 10/10: 体系派风格
    ✓ 完成，质量分: 10.0

✅ 生成完成，平均质量分: 9.2

💾 步骤3: 保存到文章库...
  已保存 10 篇候选

📇 步骤4: 建立搜索索引...
  已为文章建立索引

============================================================
📨 用户请求: AI工具链与效率
============================================================

🔍 步骤1: 识别用户意图...
  意图: generate
  主题: AI工具链与效率
  置信度: 1.0
  理由: 用户强制生成

✍️ 步骤2: 生成新文章...
  将生成 10 篇候选文章

🎯 为主题「AI工具链与效率」生成 10 篇多样化文章

  生成候选 1/10: 实战派风格
    ✓ 完成，质量分: 8.5

  生成候选 2/10: 深度派风格
    ✓ 完成，质量分: 9.0

  生成候选 3/10: 故事派风格
    ✓ 完成，质量分: 8.0

  生成候选 4/10: 数据派风格
    ✓ 完成，质量分: 10.0

  生成候选 5/10: 批判派风格
    ✓ 完成，质量分: 9.5

  生成候选 6/10: 趋势派风格
    ✓ 完成，质量分: 9.0

  生成候选 7/10: 跨界派风格
    ✓ 完成，质量分: 9.5

  生成候选 8/10: 极简派风格
    ✓ 完成，质量分: 9.5

  生成候选 9/10: 反常识派风格
    ✓ 完成，质量分: 8.0

  生成候选 10/10: 体系派风格
    ✓ 完成，质量分: 9.5

✅ 生成完成，平均质量分: 9.1

💾 步骤3: 保存到文章库...
  已保存 10 篇候选

📇 步骤4: 建立搜索索引...
  已为文章建立索引
DONE user=tech_enthusiast batches=3 approx_saved=30 out=/root/.openclaw/workspace/content-pipeline/experiment_tech_enthusiast.jsonl
