UPDATED 20260301_日本音乐推荐_76b2fb -> 热血旋律下的日本摇滚之旅
UPDATED 20260301_日本音乐推荐_07367d -> 热血青春的旋律：日本摇滚乐推荐指南
UPDATED 20260301_日本音乐推荐_db3fbd -> 摇滚青春！日本音乐入坑指南
UPDATED 20260301_日本音乐推荐_4853d2 -> 热血青春现场：日本摇滚乐的力量
UPDATED 20260301_日本音乐推荐_01605c -> 日本摇滚现场感的热血推荐：跟着这5张专辑入坑
UPDATED 20260301_日本音乐推荐_c78d4d -> 热血青春：探索日本摇滚现场感
UPDATED 20260301_日本音乐推荐_f6210a -> 热血青春现场：日本摇滚音乐入坑指南
UPDATED 20260301_日本音乐推荐_3f4876 -> 摇滚的青春热血：日本音乐入坑指南
UPDATED 20260301_日本音乐推荐_03f8a4 -> 摇滚青春，热血燃情：日本音乐宝藏探寻指南
UPDATED 20260301_日本音乐推荐_48a4a6 -> 热血青春，日本摇滚必听专辑推荐
UPDATED 20260301_日本音乐推荐_e4788a -> 热血青春的日系摇滚：解锁你的下一首最爱
UPDATED 20260301_日本音乐推荐_f654f8 -> 热血青春，日本摇滚现场的震撼之旅
UPDATED 20260301_日本音乐推荐_03c53f -> 日本摇滚经典现场：激情与热血的旋律
UPDATED 20260301_日本音乐推荐_d0fe73 -> 如果你钟爱热血摇滚，别错过这些日本乐队
UPDATED 20260301_日本音乐推荐_fc54d0 -> 热血青春的现场摇滚：日本音乐入坑指南
UPDATED 20260301_日本音乐推荐_f96492 -> 如果你喜欢春日高燃现场，这张《爆音革命》别错过
UPDATED 20260301_日本音乐推荐_70036f -> 解锁日本音乐新境界：从摇滚到J-POP的热血之旅
UPDATED 20260301_日本音乐推荐_d7e49a -> 深入日本摇滚现场：高燃曲目与热血瞬间
UPDATED 20260301_日本音乐推荐_95c4cb -> 热血青春！日本摇滚现场必听专辑推荐
UPDATED 20260301_日本音乐推荐_89dfdf -> 燃情岁月：日本摇滚音乐精选指南
UPDATED 20260301_日本音乐推荐_ddbafd -> 日本音乐现场的热血之旅
UPDATED 20260301_日本音乐推荐_218521 -> 热血青春引爆现场：日本摇滚入门指南
UPDATED 20260301_日本音乐推荐_ada384 -> 解锁日本音乐魅力：从入门到精通
UPDATED 20260301_日本音乐推荐_59cd25 -> 探索日本音乐：如何找到你的J-POP新宠
UPDATED 20260301_日本音乐推荐_5a2e35 -> 用音乐点燃青春：日本摇滚专辑深度推荐
UPDATED 20260301_日本音乐推荐_82ad1f -> 热血青春旋律：精选日本摇滚现场力作
UPDATED 20260301_日本音乐推荐_02b150 -> 日本热血摇滚必听清单：现场感与青春热血的完美融合
UPDATED 20260301_日本音乐推荐_630dee -> 探索青春热血：日本摇滚精选指南
UPDATED 20260301_日本音乐推荐_9476b3 -> 燃爆内心的日本摇滚推荐：透过音符感受青春热血
UPDATED 20260301_日本音乐推荐_81e086 -> 热血的旋律：探索日本摇滚的高燃之旅
DONE updated 30
